// Jest Snapshot v1, https://goo.gl/fbAQLP

exports[`Request tests creates a private cloud project request 1`] = `
{
  "body": {
    "kind": "single",
    "singleResult": {
      "data": {
        "privateCloudProjectRequest": {
          "id": "63bacabc9b4af0585352989e",
        },
      },
      "errors": undefined,
    },
  },
  "http": {
    "headers": Map {
      "cache-control" => "no-store",
    },
    "status": undefined,
  },
}
`;
