// Jest Snapshot v1, https://goo.gl/fbAQLP

exports[`Request tests creates a private cloud project request 1`] = `
{
  "body": {
    "kind": "single",
    "singleResult": {
      "data": {
        "privateCloudProjectRequest": {
          "active": true,
          "createdBy": {
            "email": "oamar.kanji@gov.bc.ca",
          },
          "decisionDate": null,
          "decisionMaker": null,
          "decisionStatus": "PENDING",
          "project": null,
        },
      },
      "errors": undefined,
    },
  },
  "http": {
    "headers": Map {
      "cache-control" => "no-store",
    },
    "status": undefined,
  },
}
`;
